// Jest Snapshot v1, https://goo.gl/fbAQLP

exports[`Pruebas en <TodoListItem/> Debe mostrarse correctamente 1`] = `
<li
  className="list-group-item"
  key="1"
>
  <div
    className="container"
  >
    <div
      className="row"
    >
      <div
        className="col"
      >
        <p
          className="m-2  false"
          onClick={[Function]}
        >
          1
          . 
          Aprender React
        </p>
      </div>
      <div
        className="col col-2"
      >
        <button
          className="btn btn-primary"
          onClick={[Function]}
        >
          Borrar
        </button>
      </div>
    </div>
  </div>
</li>
`;
